{"nbformat":4,"nbformat_minor":0,"metadata":{"colab":{"name":"Colab 사용준비.ipynb","provenance":[],"authorship_tag":"ABX9TyP4mTvQqJbnJOME55nGUcI3"},"kernelspec":{"name":"python3","display_name":"Python 3"}},"cells":[{"cell_type":"markdown","metadata":{"id":"6VyR56X17BUG"},"source":["## *colab과 google Drive 연동을 위한 인증 및 네트워크 디렉토리 마운트*\n"]},{"cell_type":"markdown","metadata":{"id":"5Fc-7CeR-fY0"},"source":[""]},{"cell_type":"code","metadata":{"id":"1gpOOTiR7FTe","colab":{"base_uri":"https://localhost:8080/"},"executionInfo":{"status":"ok","timestamp":1607350173131,"user_tz":-540,"elapsed":45634,"user":{"displayName":"Seohyeon Jeong","photoUrl":"","userId":"01850059728993972107"}},"outputId":"60df451d-8cdd-4a72-9a83-46104179ef20"},"source":["from google.colab import auth\n","auth.authenticate_user()\n","\n","from google.colab import drive\n","drive.mount('/content/drive')"],"execution_count":1,"outputs":[{"output_type":"stream","text":["Mounted at /content/drive\n"],"name":"stdout"}]},{"cell_type":"markdown","metadata":{"id":"O_0IeHZY9XFr"},"source":["#### 연동 후 자신의 google drive에 있는 data directory 확인"]},{"cell_type":"code","metadata":{"id":"HGffHJL-7Zlm","executionInfo":{"status":"ok","timestamp":1607350196846,"user_tz":-540,"elapsed":808,"user":{"displayName":"Seohyeon Jeong","photoUrl":"","userId":"01850059728993972107"}}},"source":["!cd \"/content/drive/My Drive/data\";"],"execution_count":4,"outputs":[]},{"cell_type":"markdown","metadata":{"id":"YjpeDqPA9koG"},"source":["- 기타 환경 정보 확인"]},{"cell_type":"code","metadata":{"id":"z8A5jQcW9M6r","colab":{"base_uri":"https://localhost:8080/"},"executionInfo":{"status":"ok","timestamp":1607350205342,"user_tz":-540,"elapsed":928,"user":{"displayName":"Seohyeon Jeong","photoUrl":"","userId":"01850059728993972107"}},"outputId":"d6fc180f-84c4-431e-d045-1dcb4558febe"},"source":["# cat : concatenate 파일이름을 인자로 받아서 그 내용을 쭉 이어주는 역할 \n","# cat [옵션] [파일명]\n","!cat /proc/meminfo;cat / proc/cpuinfo"],"execution_count":5,"outputs":[{"output_type":"stream","text":["MemTotal:       13333596 kB\n","MemFree:        10762844 kB\n","MemAvailable:   12506840 kB\n","Buffers:           81088 kB\n","Cached:          1814296 kB\n","SwapCached:            0 kB\n","Active:           649196 kB\n","Inactive:        1656664 kB\n","Active(anon):     383212 kB\n","Inactive(anon):      336 kB\n","Active(file):     265984 kB\n","Inactive(file):  1656328 kB\n","Unevictable:           0 kB\n","Mlocked:               0 kB\n","SwapTotal:             0 kB\n","SwapFree:              0 kB\n","Dirty:               560 kB\n","Writeback:             0 kB\n","AnonPages:        410544 kB\n","Mapped:           238244 kB\n","Shmem:               936 kB\n","Slab:             163412 kB\n","SReclaimable:     125000 kB\n","SUnreclaim:        38412 kB\n","KernelStack:        4432 kB\n","PageTables:         5956 kB\n","NFS_Unstable:          0 kB\n","Bounce:                0 kB\n","WritebackTmp:          0 kB\n","CommitLimit:     6666796 kB\n","Committed_AS:    2953020 kB\n","VmallocTotal:   34359738367 kB\n","VmallocUsed:           0 kB\n","VmallocChunk:          0 kB\n","Percpu:              952 kB\n","AnonHugePages:         0 kB\n","ShmemHugePages:        0 kB\n","ShmemPmdMapped:        0 kB\n","HugePages_Total:       0\n","HugePages_Free:        0\n","HugePages_Rsvd:        0\n","HugePages_Surp:        0\n","Hugepagesize:       2048 kB\n","Hugetlb:               0 kB\n","DirectMap4k:       83176 kB\n","DirectMap2M:     4110336 kB\n","DirectMap1G:    11534336 kB\n","cat: /: Is a directory\n","cat: proc/cpuinfo: No such file or directory\n"],"name":"stdout"}]}]}